// Jest Snapshot v1, https://goo.gl/fbAQLP

exports[`withErrorHandler:  should return null 1`] = `<div />`;
